// Jest Snapshot v1, https://goo.gl/fbAQLP

exports[`OrderForm should match the snapshot 1`] = `undefined`;
